[    0.000000] Linux version 4.15.0-212-generic (buildd@lcy02-amd64-083) (gcc version 7.5.0 (Ubuntu 7.5.0-3ubuntu1~18.04)) #223-Ubuntu SMP Tue May 23 13:09:22 UTC 2023 (Ubuntu 4.15.0-212.223-generic 4.15.18)
[    0.000000] Command line: BOOT_IMAGE=/boot/vmlinuz-4.15.0-212-generic root=LABEL=cloudimg-rootfs ro console=tty1 console=ttyS0
[    0.000000] KERNEL supported cpus:
[    0.000000]   Intel GenuineIntel
[    0.000000]   AMD AuthenticAMD
[    0.000000]   Centaur CentaurHauls
[    0.000000] x86/fpu: Supporting XSAVE feature 0x001: 'x87 floating point registers'
[    0.000000] x86/fpu: Supporting XSAVE feature 0x002: 'SSE registers'
[    0.000000] x86/fpu: Supporting XSAVE feature 0x004: 'AVX registers'
[    0.000000] x86/fpu: xstate_offset[2]:  576, xstate_sizes[2]:  256
[    0.000000] x86/fpu: Enabled xstate features 0x7, context size is 832 bytes, using 'standard' format.
[    0.000000] e820: BIOS-provided physical RAM map:
[    0.000000] BIOS-e820: [mem 0x0000000000000000-0x000000000009fbff] usable
[    0.000000] BIOS-e820: [mem 0x000000000009fc00-0x000000000009ffff] reserved
[    0.000000] BIOS-e820: [mem 0x00000000000f0000-0x00000000000fffff] reserved
[    0.000000] BIOS-e820: [mem 0x0000000000100000-0x000000007ffeffff] usable
[    0.000000] BIOS-e820: [mem 0x000000007fff0000-0x000000007fffffff] ACPI data
[    0.000000] BIOS-e820: [mem 0x00000000fec00000-0x00000000fec00fff] reserved
[    0.000000] BIOS-e820: [mem 0x00000000fee00000-0x00000000fee00fff] reserved
[    0.000000] BIOS-e820: [mem 0x00000000fffc0000-0x00000000ffffffff] reserved
[    0.000000] NX (Execute Disable) protection: active
[    0.000000] SMBIOS 2.5 present.
[    0.000000] DMI: innotek GmbH VirtualBox/VirtualBox, BIOS VirtualBox 12/01/2006
[    0.000000] Hypervisor detected: KVM
[    0.000000] e820: last_pfn = 0x7fff0 max_arch_pfn = 0x400000000
[    0.000000] MTRR: Disabled
[    0.000000] x86/PAT: MTRRs disabled, skipping PAT initialization too.
[    0.000000] CPU MTRRs all blank - virtualized system.
[    0.000000] x86/PAT: Configuration [0-7]: WB  WT  UC- UC  WB  WT  UC- UC  
[    0.000000] found SMP MP-table at [mem 0x0009fff0-0x0009ffff]
[    0.000000] Scanning 1 areas for low memory corruption
[    0.000000] RAMDISK: [mem 0x359cb000-0x36cdcfff]
[    0.000000] ACPI: Early table checksum verification disabled
[    0.000000] ACPI: RSDP 0x00000000000E0000 000024 (v02 VBOX  )
[    0.000000] ACPI: XSDT 0x000000007FFF0030 00003C (v01 VBOX   VBOXXSDT 00000001 ASL  00000061)
[    0.000000] ACPI: FACP 0x000000007FFF00F0 0000F4 (v04 VBOX   VBOXFACP 00000001 ASL  00000061)
[    0.000000] ACPI: DSDT 0x000000007FFF0610 002353 (v02 VBOX   VBOXBIOS 00000002 INTL 20190509)
[    0.000000] ACPI: FACS 0x000000007FFF0200 000040
[    0.000000] ACPI: FACS 0x000000007FFF0200 000040
[    0.000000] ACPI: APIC 0x000000007FFF0240 00005C (v02 VBOX   VBOXAPIC 00000001 ASL  00000061)
[    0.000000] ACPI: SSDT 0x000000007FFF02A0 00036C (v01 VBOX   VBOXCPUT 00000002 INTL 20190509)
[    0.000000] ACPI: Reserving FACP table memory at [mem 0x7fff00f0-0x7fff01e3]
[    0.000000] ACPI: Reserving DSDT table memory at [mem 0x7fff0610-0x7fff2962]
[    0.000000] ACPI: Reserving FACS table memory at [mem 0x7fff0200-0x7fff023f]
[    0.000000] ACPI: Reserving FACS table memory at [mem 0x7fff0200-0x7fff023f]
[    0.000000] ACPI: Reserving APIC table memory at [mem 0x7fff0240-0x7fff029b]
[    0.000000] ACPI: Reserving SSDT table memory at [mem 0x7fff02a0-0x7fff060b]
[    0.000000] No NUMA configuration found
[    0.000000] Faking a node at [mem 0x0000000000000000-0x000000007ffeffff]
[    0.000000] NODE_DATA(0) allocated [mem 0x7ffc5000-0x7ffeffff]
[    0.000000] kvm-clock: cpu 0, msr 0:7ff44001, primary cpu clock
[    0.000000] kvm-clock: Using msrs 4b564d01 and 4b564d00
[    0.000000] kvm-clock: using sched offset of 2983545688 cycles
[    0.000000] clocksource: kvm-clock: mask: 0xffffffffffffffff max_cycles: 0x1cd42e4dffb, max_idle_ns: 881590591483 ns
[    0.000000] Zone ranges:
[    0.000000]   DMA      [mem 0x0000000000001000-0x0000000000ffffff]
[    0.000000]   DMA32    [mem 0x0000000001000000-0x000000007ffeffff]
[    0.000000]   Normal   empty
[    0.000000]   Device   empty
[    0.000000] Movable zone start for each node
[    0.000000] Early memory node ranges
[    0.000000]   node   0: [mem 0x0000000000001000-0x000000000009efff]
[    0.000000]   node   0: [mem 0x0000000000100000-0x000000007ffeffff]
[    0.000000] Reserved but unavailable: 104 pages
[    0.000000] Initmem setup node 0 [mem 0x0000000000001000-0x000000007ffeffff]
[    0.000000] ACPI: PM-Timer IO Port: 0x4008
[    0.000000] IOAPIC[0]: apic_id 2, version 32, address 0xfec00000, GSI 0-23
[    0.000000] ACPI: INT_SRC_OVR (bus 0 bus_irq 0 global_irq 2 dfl dfl)
[    0.000000] ACPI: INT_SRC_OVR (bus 0 bus_irq 9 global_irq 9 low level)
[    0.000000] Using ACPI (MADT) for SMP configuration information
[    0.000000] smpboot: Allowing 2 CPUs, 0 hotplug CPUs
[    0.000000] PM: Registered nosave memory: [mem 0x00000000-0x00000fff]
[    0.000000] PM: Registered nosave memory: [mem 0x0009f000-0x0009ffff]
[    0.000000] PM: Registered nosave memory: [mem 0x000a0000-0x000effff]
[    0.000000] PM: Registered nosave memory: [mem 0x000f0000-0x000fffff]
[    0.000000] e820: [mem 0x80000000-0xfebfffff] available for PCI devices
[    0.000000] Booting paravirtualized kernel on KVM
[    0.000000] clocksource: refined-jiffies: mask: 0xffffffff max_cycles: 0xffffffff, max_idle_ns: 7645519600211568 ns
[    0.000000] setup_percpu: NR_CPUS:8192 nr_cpumask_bits:2 nr_cpu_ids:2 nr_node_ids:1
[    0.000000] percpu: Embedded 50 pages/cpu s167936 r8192 d28672 u1048576
[    0.000000] PV qspinlock hash table entries: 256 (order: 0, 4096 bytes)
[    0.000000] Built 1 zonelists, mobility grouping on.  Total pages: 515961
[    0.000000] Policy zone: DMA32
[    0.000000] Kernel command line: BOOT_IMAGE=/boot/vmlinuz-4.15.0-212-generic root=LABEL=cloudimg-rootfs ro console=tty1 console=ttyS0
[    0.000000] Memory: 2014836K/2096696K available (12300K kernel code, 2477K rwdata, 4324K rodata, 2480K init, 2720K bss, 81860K reserved, 0K cma-reserved)
[    0.000000] SLUB: HWalign=64, Order=0-3, MinObjects=0, CPUs=2, Nodes=1
[    0.000000] Kernel/User page tables isolation: enabled
[    0.000000] ftrace: allocating 39508 entries in 155 pages
[    0.004000] Hierarchical RCU implementation.
[    0.004000] 	RCU restricting CPUs from NR_CPUS=8192 to nr_cpu_ids=2.
[    0.004000] 	Tasks RCU enabled.
[    0.004000] RCU: Adjusting geometry for rcu_fanout_leaf=16, nr_cpu_ids=2
[    0.004000] NR_IRQS: 524544, nr_irqs: 440, preallocated irqs: 16
[    0.004000] random: crng init done
[    0.004000] Console: colour VGA+ 80x25
[    0.004000] console [tty1] enabled
[    0.004000] console [ttyS0] enabled
[    0.004000] ACPI: Core revision 20170831
[    0.004000] ACPI: 2 ACPI AML tables successfully acquired and loaded
[    0.004000] APIC: Switch to symmetric I/O mode setup
[    0.004000] x2apic enabled
[    0.004000] Switched APIC routing to physical x2apic.
[    0.004000] ..TIMER: vector=0x30 apic1=0 pin1=2 apic2=-1 pin2=-1
[    0.004000] tsc: Detected 2400.004 MHz processor
[    0.004000] Calibrating delay loop (skipped) preset value.. 4800.00 BogoMIPS (lpj=9600016)
[    0.004000] pid_max: default: 32768 minimum: 301
[    0.004000] Security Framework initialized
[    0.004000] Yama: becoming mindful.
[    0.004000] AppArmor: AppArmor initialized
[    0.004000] Dentry cache hash table entries: 262144 (order: 9, 2097152 bytes)
[    0.004000] Inode-cache hash table entries: 131072 (order: 8, 1048576 bytes)
[    0.004000] Mount-cache hash table entries: 4096 (order: 3, 32768 bytes)
[    0.004000] Mountpoint-cache hash table entries: 4096 (order: 3, 32768 bytes)
[    0.004000] Last level iTLB entries: 4KB 64, 2MB 8, 4MB 8
[    0.004000] Last level dTLB entries: 4KB 64, 2MB 0, 4MB 0, 1GB 4
[    0.004000] Spectre V1 : Mitigation: usercopy/swapgs barriers and __user pointer sanitization
[    0.004000] Spectre V2 : Mitigation: Retpolines
[    0.004000] Spectre V2 : Spectre v2 / SpectreRSB mitigation: Filling RSB on context switch
[    0.004000] Spectre V2 : Spectre v2 / SpectreRSB : Filling RSB on VMEXIT
[    0.004000] RETBleed: WARNING: Spectre v2 mitigation leaves CPU vulnerable to RETBleed attacks, data leaks possible!
[    0.004000] RETBleed: Vulnerable
[    0.004000] Speculative Store Bypass: Vulnerable
[    0.004000] MDS: Mitigation: Clear CPU buffers
[    0.004000] MMIO Stale Data: Mitigation: Clear CPU buffers
[    0.004000] SRBDS: Unknown: Dependent on hypervisor status
[    0.004000] Freeing SMP alternatives memory: 36K
[    0.125198] APIC calibration not consistent with PM-Timer: 106ms instead of 100ms
[    0.126733] APIC delta adjusted to PM-Timer: 6398415 (6836996)
[    0.127894] smpboot: CPU0: Intel(R) Core(TM) i5-9300H CPU @ 2.40GHz (family: 0x6, model: 0x9e, stepping: 0xa)
[    0.128000] Performance Events: unsupported p6 CPU model 158 no PMU driver, software events only.
[    0.128000] Hierarchical SRCU implementation.
[    0.128438] NMI watchdog: Perf event create on CPU 0 failed with -2
[    0.129618] NMI watchdog: Perf NMI watchdog permanently disabled
[    0.130830] smp: Bringing up secondary CPUs ...
[    0.132070] x86: Booting SMP configuration:
[    0.132931] .... node  #0, CPUs:      #1
[    0.004000] kvm-clock: cpu 1, msr 0:7ff44041, secondary cpu clock
[    0.136024] smp: Brought up 1 node, 2 CPUs
[    0.136897] smpboot: Max logical packages: 1
[    0.137681] smpboot: Total of 2 processors activated (9600.01 BogoMIPS)
[    0.138920] devtmpfs: initialized
[    0.138920] x86/mm: Memory block size: 128MB
[    0.140224] evm: security.selinux
[    0.140902] evm: security.SMACK64
[    0.141596] evm: security.SMACK64EXEC
[    0.142312] evm: security.SMACK64TRANSMUTE
[    0.143111] evm: security.SMACK64MMAP
[    0.144002] evm: security.apparmor
[    0.144699] evm: security.ima
[    0.145334] evm: security.capability
[    0.146105] clocksource: jiffies: mask: 0xffffffff max_cycles: 0xffffffff, max_idle_ns: 7645041785100000 ns
[    0.148007] futex hash table entries: 512 (order: 3, 32768 bytes)
[    0.149243] pinctrl core: initialized pinctrl subsystem
[    0.150311] RTC time:  1:36:42, date: 02/22/24
[    0.151344] NET: Registered protocol family 16
[    0.152094] audit: initializing netlink subsys (disabled)
[    0.153145] audit: type=2000 audit(1708565806.361:1): state=initialized audit_enabled=0 res=1
[    0.153662] cpuidle: using governor ladder
[    0.156012] cpuidle: using governor menu
[    0.156761] ACPI: bus type PCI registered
[    0.157563] acpiphp: ACPI Hot Plug PCI Controller Driver version: 0.5
[    0.158840] PCI: Using configuration type 1 for base access
[    0.161177] HugeTLB registered 2.00 MiB page size, pre-allocated 0 pages
[    0.161247] ACPI: Added _OSI(Module Device)
[    0.161247] ACPI: Added _OSI(Processor Device)
[    0.164008] ACPI: Added _OSI(3.0 _SCP Extensions)
[    0.164890] ACPI: Added _OSI(Processor Aggregator Device)
[    0.165964] ACPI: Added _OSI(Linux-Dell-Video)
[    0.166852] ACPI: Added _OSI(Linux-Lenovo-NV-HDMI-Audio)
[    0.168003] ACPI: Added _OSI(Linux-HPI-Hybrid-Graphics)
[    0.169305] ACPI: Executed 1 blocks of module-level executable AML code
[    0.174055] ACPI: Interpreter enabled
[    0.174830] ACPI: (supports S0 S5)
[    0.175513] ACPI: Using IOAPIC for interrupt routing
[    0.176241] PCI: Using host bridge windows from ACPI; if necessary, use "pci=nocrs" and report a bug
[    0.178144] ACPI: Enabled 2 GPEs in block 00 to 07
[    0.186957] ACPI: PCI Root Bridge [PCI0] (domain 0000 [bus 00-ff])
[    0.188010] acpi PNP0A03:00: _OSC: OS supports [ASPM ClockPM Segments MSI]
[    0.190001] acpi PNP0A03:00: _OSC: not requesting OS control; OS requires [ExtendedConfig ASPM ClockPM MSI]
[    0.192015] acpi PNP0A03:00: fail to add MMCONFIG information, can't access extended PCI configuration space under this bridge.
[    0.194518] PCI host bridge to bus 0000:00
[    0.196005] pci_bus 0000:00: root bus resource [io  0x0000-0x0cf7 window]
[    0.197415] pci_bus 0000:00: root bus resource [io  0x0d00-0xffff window]
[    0.198791] pci_bus 0000:00: root bus resource [mem 0x000a0000-0x000bffff window]
[    0.200005] pci_bus 0000:00: root bus resource [mem 0x80000000-0xfdffffff window]
[    0.201556] pci_bus 0000:00: root bus resource [bus 00-ff]
[    0.205000] pci 0000:00:01.1: legacy IDE quirk: reg 0x10: [io  0x01f0-0x01f7]
[    0.206352] pci 0000:00:01.1: legacy IDE quirk: reg 0x14: [io  0x03f6]
[    0.207402] pci 0000:00:01.1: legacy IDE quirk: reg 0x18: [io  0x0170-0x0177]
[    0.208002] pci 0000:00:01.1: legacy IDE quirk: reg 0x1c: [io  0x0376]
[    0.225151] pci 0000:00:07.0: quirk: [io  0x4000-0x403f] claimed by PIIX4 ACPI
[    0.226318] pci 0000:00:07.0: quirk: [io  0x4100-0x410f] claimed by PIIX4 SMB
[    0.238776] ACPI: PCI Interrupt Link [LNKA] (IRQs 5 9 10 *11)
[    0.240000] ACPI: PCI Interrupt Link [LNKB] (IRQs 5 9 *10 11)
[    0.240103] ACPI: PCI Interrupt Link [LNKC] (IRQs 5 *9 10 11)
[    0.241060] ACPI: PCI Interrupt Link [LNKD] (IRQs 5 9 10 *11)
[    0.242183] SCSI subsystem initialized
[    0.242858] pci 0000:00:02.0: vgaarb: setting as boot VGA device
[    0.242858] pci 0000:00:02.0: vgaarb: VGA device added: decodes=io+mem,owns=io+mem,locks=none
[    0.244008] pci 0000:00:02.0: vgaarb: bridge control possible
[    0.244892] vgaarb: loaded
[    0.245429] ACPI: bus type USB registered
[    0.248019] usbcore: registered new interface driver usbfs
[    0.248910] usbcore: registered new interface driver hub
[    0.249741] usbcore: registered new device driver usb
[    0.250586] EDAC MC: Ver: 3.0.0
[    0.250586] PCI: Using ACPI for IRQ routing
[    0.252213] NetLabel: Initializing
[    0.252809] NetLabel:  domain hash size = 128
[    0.253801] NetLabel:  protocols = UNLABELED CIPSOv4 CALIPSO
[    0.254672] NetLabel:  unlabeled traffic allowed by default
[    0.255565] clocksource: Switched to clocksource kvm-clock
[    0.260234] VFS: Disk quotas dquot_6.6.0
[    0.260234] VFS: Dquot-cache hash table entries: 512 (order 0, 4096 bytes)
[    0.260234] AppArmor: AppArmor Filesystem Enabled
[    0.260234] pnp: PnP ACPI init
[    0.260234] pnp: PnP ACPI: found 3 devices
[    0.272519] clocksource: acpi_pm: mask: 0xffffff max_cycles: 0xffffff, max_idle_ns: 2085701024 ns
[    0.273966] NET: Registered protocol family 2
[    0.274680] IP idents hash table entries: 32768 (order: 6, 262144 bytes)
[    0.275933] TCP established hash table entries: 16384 (order: 5, 131072 bytes)
[    0.277122] TCP bind hash table entries: 16384 (order: 6, 262144 bytes)
[    0.278223] TCP: Hash tables configured (established 16384 bind 16384)
[    0.279193] UDP hash table entries: 1024 (order: 3, 32768 bytes)
[    0.280076] UDP-Lite hash table entries: 1024 (order: 3, 32768 bytes)
[    0.281044] NET: Registered protocol family 1
[    0.281099] pci 0000:00:00.0: Limiting direct PCI/PCI transfers
[    0.281099] pci 0000:00:01.0: Activating ISA DMA hang workarounds
[    0.281099] pci 0000:00:02.0: Video device with shadowed ROM at [mem 0x000c0000-0x000dffff]
[    0.281099] Unpacking initramfs...
[    0.281099] Freeing initrd memory: 19528K
[    0.281099] clocksource: tsc: mask: 0xffffffffffffffff max_cycles: 0x22983b44418, max_idle_ns: 440795259572 ns
[    0.281099] platform rtc_cmos: registered platform RTC device (no PNP device found)
[    0.281099] Scanning for low memory corruption every 60 seconds
[    0.526131] Initialise system trusted keyrings
[    0.526819] Key type blacklist registered
[    0.527505] workingset: timestamp_bits=36 max_order=19 bucket_order=0
[    0.529342] zbud: loaded
[    0.530318] squashfs: version 4.0 (2009/01/31) Phillip Lougher
[    0.531337] fuse init (API version 7.26)
[    0.533112] Key type asymmetric registered
[    0.533748] Asymmetric key parser 'x509' registered
[    0.534497] Block layer SCSI generic (bsg) driver version 0.4 loaded (major 246)
[    0.535655] io scheduler noop registered
[    0.536295] io scheduler deadline registered
[    0.536990] io scheduler cfq registered (default)
[    0.538072] ACPI: AC Adapter [AC] (on-line)
[    0.538768] input: Power Button as /devices/LNXSYSTM:00/LNXPWRBN:00/input/input0
[    0.539973] ACPI: Power Button [PWRF]
[    0.540673] input: Sleep Button as /devices/LNXSYSTM:00/LNXSLPBN:00/input/input1
[    0.541853] ACPI: Sleep Button [SLPF]
[    0.543294] ACPI: Battery Slot [BAT0] (battery present)
[    0.544241] Serial: 8250/16550 driver, 32 ports, IRQ sharing enabled
[    0.565845] 00:02: ttyS0 at I/O 0x3f8 (irq = 4, base_baud = 115200) is a 16550A
[    0.568372] Linux agpgart interface v0.103
[    0.570199] loop: module loaded
[    0.571320] scsi host0: ata_piix
[    0.572136] scsi host1: ata_piix
[    0.572920] ata1: PATA max UDMA/33 cmd 0x1f0 ctl 0x3f6 bmdma 0xd000 irq 14
[    0.574142] ata2: PATA max UDMA/33 cmd 0x170 ctl 0x376 bmdma 0xd008 irq 15
[    0.575389] tun: Universal TUN/TAP device driver, 1.6
[    0.576132] PPP generic driver version 2.4.2
[    0.577258] ehci_hcd: USB 2.0 'Enhanced' Host Controller (EHCI) Driver
[    0.578438] ehci-pci: EHCI PCI platform driver
[    0.579307] ehci-platform: EHCI generic platform driver
[    0.580272] ohci_hcd: USB 1.1 'Open' Host Controller (OHCI) Driver
[    0.581444] ohci-pci: OHCI PCI platform driver
[    0.582323] ohci-platform: OHCI generic platform driver
[    0.583286] uhci_hcd: USB Universal Host Controller Interface driver
[    0.584481] i8042: PNP: PS/2 Controller [PNP0303:PS2K,PNP0f03:PS2M] at 0x60,0x64 irq 1,12
[    0.586432] serio: i8042 KBD port at 0x60,0x64 irq 1
[    0.587384] serio: i8042 AUX port at 0x60,0x64 irq 12
[    0.588426] mousedev: PS/2 mouse device common for all mice
[    0.589606] input: AT Translated Set 2 keyboard as /devices/platform/i8042/serio0/input/input2
[    0.591482] rtc_cmos rtc_cmos: rtc core: registered rtc_cmos as rtc0
[    0.592693] rtc_cmos rtc_cmos: alarms up to one day, 114 bytes nvram
[    0.593843] i2c /dev entries driver
[    0.594636] device-mapper: uevent: version 1.0.3
[    0.595557] device-mapper: ioctl: 4.37.0-ioctl (2017-09-20) initialised: dm-devel@redhat.com
[    0.597146] ledtrig-cpu: registered to indicate activity on CPUs
[    0.598557] NET: Registered protocol family 10
[    0.602569] Segment Routing with IPv6
[    0.603372] NET: Registered protocol family 17
[    0.604294] Key type dns_resolver registered
[    0.605276] mce: Using 0 MCE banks
[    0.605992] RAS: Correctable Errors collector initialized.
[    0.606992] sched_clock: Marking stable (605213079, 0)->(784622725, -179409646)
[    0.608617] registered taskstats version 1
[    0.609410] Loading compiled-in X.509 certificates
[    0.612148] Loaded X.509 cert 'Build time autogenerated kernel key: b5b26778eaa3ab3a4a6cee031137706e947d12ad'
[    0.614346] Loaded X.509 cert 'Canonical Ltd. Live Patch Signing: 14df34d1a87cf37625abec039ef2bf521249b969'
[    0.616444] Loaded X.509 cert 'Canonical Ltd. Kernel Module Signing: 88f752e560a1e0737e31163a466ad7b70a850c19'
[    0.618283] blacklist: Loading compiled-in revocation X.509 certificates
[    0.619471] Loaded X.509 cert 'Canonical Ltd. Secure Boot Signing: 61482aa2830d0ab2ad5af10b7250da9033ddcef0'
[    0.621216] Loaded X.509 cert 'Canonical Ltd. Secure Boot Signing (2017): 242ade75ac4a15e50d50c84b0d45ff3eae707a03'
[    0.623044] Loaded X.509 cert 'Canonical Ltd. Secure Boot Signing (ESM 2018): 365188c1d374d6b07c3c8f240f8ef722433d6a8b'
[    0.624921] Loaded X.509 cert 'Canonical Ltd. Secure Boot Signing (2019): c0746fd6c5da3ae827864651ad66ae47fe24b3e8'
[    0.626786] Loaded X.509 cert 'Canonical Ltd. Secure Boot Signing (2021 v1): a8d54bbb3825cfb94fa13c9f8a594a195c107b8d'
[    0.628672] Loaded X.509 cert 'Canonical Ltd. Secure Boot Signing (2021 v2): 4cf046892d6fd3c9a5b03f98d845f90851dc6a8c'
[    0.630664] Loaded X.509 cert 'Canonical Ltd. Secure Boot Signing (2021 v3): 100437bb6de6e469b581e61cd66bce3ef4ed53af'
[    0.632629] Loaded X.509 cert 'Canonical Ltd. Secure Boot Signing (Ubuntu Core 2019): c1d57b8f6b743f23ee41f4f7ee292f06eecadfb9'
[    0.634574] zswap: loaded using pool lzo/zbud
[    0.638451] Key type big_key registered
[    0.639262] Key type trusted registered
[    0.641542] Key type encrypted registered
[    0.642364] AppArmor: AppArmor sha1 policy hashing enabled
[    0.643365] ima: No TPM chip found, activating TPM-bypass! (rc=-19)
[    0.644568] ima: Allocated hash algorithm: sha1
[    0.645460] evm: HMAC attrs: 0x1
[    0.646325]   Magic number: 12:312:610
[    0.647142] rtc_cmos rtc_cmos: setting system clock to 2024-02-22 01:36:42 UTC (1708565802)
[    0.648764] BIOS EDD facility v0.16 2004-Jun-25, 0 devices found
[    0.649809] EDD information not available.
[    0.774904] Freeing unused kernel image memory: 2480K
[    0.788264] Write protecting the kernel read-only data: 20480k
[    0.789985] Freeing unused kernel image memory: 2008K
[    0.791193] Freeing unused kernel image memory: 1820K
[    0.799981] x86/mm: Checked W+X mappings: passed, no W+X pages found.
[    0.801136] x86/mm: Checking user space page tables
[    0.809120] x86/mm: Checked W+X mappings: passed, no W+X pages found.
Loading, please wait...
starting version 237
[    0.871235] e1000: Intel(R) PRO/1000 Network Driver - version 7.3.21-k8-NAPI
[    0.872408] e1000: Copyright (c) 1999-2006 Intel Corporation.
[    0.874855] Fusion MPT base driver 3.04.20
[    0.875557] Copyright (c) 1999-2008 LSI Corporation
[    0.886667] Fusion MPT SPI Host driver 3.04.20
[    0.895561] AVX2 version of gcm_enc/dec engaged.
[    0.896371] AES CTR mode by8 optimization enabled
[    0.900816] mptbase: ioc0: Initiating bringup
[    1.137738] input: ImExPS/2 Generic Explorer Mouse as /devices/platform/i8042/serio1/input/input4
[    1.364761] ioc0: LSI53C1030 A0: Capabilities={Initiator}
[    3.790783] scsi host2: ioc0: LSI53C1030 A0, FwRev=00000000h, Ports=1, MaxQ=256, IRQ=20
[    5.041002] scsi 2:0:0:0: Direct-Access     VBOX     HARDDISK         1.0  PQ: 0 ANSI: 5
[    5.804172] scsi target2:0:0: Beginning Domain Validation
[    5.806606] scsi target2:0:0: Domain Validation skipping write tests
[    5.807804] scsi target2:0:0: Ending Domain Validation
[    5.808854] scsi target2:0:0: asynchronous
[    5.810308] scsi 2:0:1:0: Direct-Access     VBOX     HARDDISK         1.0  PQ: 0 ANSI: 5
[    6.044106] scsi target2:0:1: Beginning Domain Validation
[    6.046984] scsi target2:0:1: Domain Validation skipping write tests
[    6.048151] scsi target2:0:1: Ending Domain Validation
[    6.049253] scsi target2:0:1: asynchronous
[    6.052758] sd 2:0:0:0: Attached scsi generic sg0 type 0
[    6.053900] sd 2:0:1:0: Attached scsi generic sg1 type 0
[    6.054129] sd 2:0:1:0: [sdb] 20480 512-byte logical blocks: (10.5 MB/10.0 MiB)
[    6.054924] sd 2:0:0:0: [sda] 83886080 512-byte logical blocks: (42.9 GB/40.0 GiB)
[    6.056205] sd 2:0:1:0: [sdb] Write Protect is off
[    6.058473] sd 2:0:0:0: [sda] Write Protect is off
[    6.058584] sd 2:0:1:0: [sdb] Incomplete mode parameter data
[    6.060236] sd 2:0:1:0: [sdb] Assuming drive cache: write through
[    6.061344] sd 2:0:0:0: [sda] Incomplete mode parameter data
[    6.062375] sd 2:0:0:0: [sda] Assuming drive cache: write through
[    6.064337]  sda: sda1
[    6.065305] sd 2:0:0:0: [sda] Attached SCSI disk
[    6.065566] sd 2:0:1:0: [sdb] Attached SCSI disk
[    6.085600] e1000 0000:00:03.0 eth0: (PCI:33MHz:32-bit) 02:3b:7b:b7:3b:2d
[    6.086884] e1000 0000:00:03.0 eth0: Intel(R) PRO/1000 Network Connection
[    6.763355] e1000 0000:00:08.0 eth1: (PCI:33MHz:32-bit) 08:00:27:eb:14:59
[    6.764426] e1000 0000:00:08.0 eth1: Intel(R) PRO/1000 Network Connection
[    6.766398] e1000 0000:00:03.0 enp0s3: renamed from eth0
[    6.837062] e1000 0000:00:08.0 enp0s8: renamed from eth1
Begin: Loading essential drivers ... [    8.375699] raid6: sse2x1   gen() 14802 MB/s
[    8.435872] raid6: sse2x1   xor() 12370 MB/s
[    8.491756] raid6: sse2x2   gen() 19611 MB/s
[    8.547718] raid6: sse2x2   xor() 13256 MB/s
[    8.599746] raid6: sse2x4   gen() 20908 MB/s
[    8.651665] raid6: sse2x4   xor() 12747 MB/s
[    8.703649] raid6: avx2x1   gen() 29377 MB/s
[    8.766530] raid6: avx2x1   xor() 24521 MB/s
[    8.815682] raid6: avx2x2   gen() 34276 MB/s
[    8.867948] raid6: avx2x2   xor() 18740 MB/s
[    8.923735] raid6: avx2x4   gen() 42916 MB/s
[    8.983889] raid6: avx2x4   xor() 28244 MB/s
[    8.984716] raid6: using algorithm avx2x4 gen() 42916 MB/s
[    8.985625] raid6: .... xor() 28244 MB/s, rmw enabled
[    8.986568] raid6: using avx2x2 recovery algorithm
[    8.988814] xor: automatically using best checksumming function   avx       
[    8.991429] async_tx: api initialized (async)
done.
Begin: Running /scripts/init-premount ... done.
Begin: Mounting root file system ... Begin: Running /scripts/local-top ... done.
Begin: Running /scripts/local-premount ... [    9.032586] Btrfs loaded, crc32c=crc32c-intel
Scanning for Btrfs filesystems
done.
Warning: fsck not present, so skipping root file system
[    9.074190] EXT4-fs (sda1): mounted filesystem with ordered data mode. Opts: (null)
done.
Begin: Running /scripts/local-bottom ... done.
Begin: Running /scripts/init-bottom ... done.
[    9.199449] ip_tables: (C) 2000-2006 Netfilter Core Team
[    9.207861] systemd[1]: systemd 237 running in system mode. (+PAM +AUDIT +SELINUX +IMA +APPARMOR +SMACK +SYSVINIT +UTMP +LIBCRYPTSETUP +GCRYPT +GNUTLS +ACL +XZ +LZ4 +SECCOMP +BLKID +ELFUTILS +KMOD -IDN2 +IDN -PCRE2 default-hierarchy=hybrid)
[    9.211040] systemd[1]: Detected virtualization oracle.
[    9.211885] systemd[1]: Detected architecture x86-64.

Welcome to [1mUbuntu 18.04.6 LTS[0m!

[    9.216585] systemd[1]: Set hostname to <ubuntu>.
[    9.218781] systemd[1]: Initializing machine ID from random generator.
[    9.219919] systemd[1]: Installed transient /etc/machine-id file.
[    9.428133] systemd[1]: Reached target System Time Synchronized.
[[0;32m  OK  [0m] Reached target System Time Synchronized.
[    9.752388] systemd[1]: Created slice User and Session Slice.
[[0;32m  OK  [0m] Created slice User and Session Slice.
[    9.753964] systemd[1]: Created slice System Slice.
[[0;32m  OK  [0m] Created slice System Slice.
[    9.755089] systemd[1]: Listening on LVM2 poll daemon socket.
[[0;32m  OK  [0m] Listening on LVM2 poll daemon socket.
[[0;32m  OK  [0m] Listening on Device-mapper event daemon FIFOs.
[[0;32m  OK  [0m] Listening on Journal Audit Socket.
[[0;32m  OK  [0m] Listening on Syslog Socket.
[[0;32m  OK  [0m] Listening on Network Service Netlink Socket.
[[0;32m  OK  [0m] Listening on LVM2 metadata daemon socket.
[[0;32m  OK  [0m] Listening on udev Kernel Socket.
[[0;32m  OK  [0m] Reached target Slices.
[[0;32m  OK  [0m] Listening on udev Control Socket.
[[0;32m  OK  [0m] Listening on /dev/initctl Compatibility Named Pipe.
[[0;32m  OK  [0m] Listening on Journal Socket.
         Starting Create list of required stâ€¦ce nodes for the current kernel...
         Starting Monitoring of LVM2 mirrorsâ€¦ng dmeventd or progress polling...
         Starting Uncomplicated firewall...
         Mounting Huge Pages File System...
         Starting Set the console keyboard layout...
         Starting udev Coldplug all Devices...
[[0;32m  OK  [0m] Listening on Journal Socket (/dev/log).
         Starting Journal Service...
[[0;32m  OK  [0m] Listening on fsck to fsckd communication Socket.
         Starting File System Check on Root Device...
         Starting Load Kernel Modules...
[[0;32m  OK  [0m] Set up automount Arbitrary Executabâ€¦rmats File System Automount Point.
[   10.274397] Loading iSCSI transport class v2.0-870.
[   10.279404] iscsi: registered transport (tcp)
[[0;32m  OK  [0m] Reached target User and Group Name Lookups.
[[0;32m  OK  [0m] Created slice system-serial\x2dgetty.slice.
         Mounting POSIX Message Queue File System...
[[0;32m  OK  [0m] Reached target Mounting snaps.
[[0;32m  OK  [0m] Reached target Mounted snaps.
         Mounting Kernel Debug File System...
[[0;32m  OK  [0m] Started Forward Password Requests to Wall Directory Watch.
[[0;32m  OK  [0m] Reached target Swap.
[[0;32m  OK  [0m] Started Journal Service.
[   10.309915] iscsi: registered transport (iser)
[[0;32m  OK  [0m] Started Create list of required staâ€¦vice nodes for the current kernel.
[[0;32m  OK  [0m] Started Uncomplicated firewall.
[[0;32m  OK  [0m] Mounted Huge Pages File System.
[[0;32m  OK  [0m] Started File System Check on Root Device.
[[0;32m  OK  [0m] Started Load Kernel Modules.
[[0;32m  OK  [0m] Mounted POSIX Message Queue File System.
[[0;32m  OK  [0m] Mounted Kernel Debug File System.
[[0;32m  OK  [0m] Started File System Check Daemon to report status.
[[0;32m  OK  [0m] Started LVM2 metadata daemon.
         Mounting FUSE Control File System...
         Mounting Kernel Configuration File System...
         Starting Apply Kernel Variables...
         Starting Remount Root and Kernel File Systems...
         Starting Create Static Device Nodes in /dev...
[[0;32m  OK  [0m] Mounted Kernel Configuration File System.
[[0;32m  OK  [0m] Mounted FUSE Control File System.
[[0;32m  OK  [0m] Started udev Coldplug all Devices.
[[0;32m  OK  [0m] Started Monitoring of LVM2 mirrors,â€¦sing dmeventd or progress polling.
[[0;32m  OK  [0m] Started Apply Kernel Variables.
[[0;32m  OK  [0m] Started Remount Root and Kernel File Systems.
         Starting Load/Save Random Seed...
         Starting Flush Journal to Persistent Storage...
[[0;32m  OK  [0m] Started Create Static Device Nodes in /dev.
         Starting udev Kernel Device Manager...
[[0;32m  OK  [0m] Started Load/Save Random Seed.
[[0;32m  OK  [0m] Started udev Kernel Device Manager.
[[0;32m  OK  [0m] Started Flush Journal to Persistent Storage.
[[0;32m  OK  [0m] Found device /dev/ttyS0.
[[0;32m  OK  [0m] Listening on Load/Save RF Kill Switch Status /dev/rfkill Watch.
         Mounting Arbitrary Executable File Formats File System...
[[0;32m  OK  [0m] Mounted Arbitrary Executable File Formats File System.
[[0;32m  OK  [0m] Started Set the console keyboard layout.
[[0;32m  OK  [0m] Started Dispatch Password Requests to Console Directory Watch.
[[0;32m  OK  [0m] Reached target Local Encrypted Volumes.
[[0;32m  OK  [0m] Reached target Local File Systems (Pre).
[[0;32m  OK  [0m] Reached target Local File Systems.
         Starting Commit a transient machine-id on disk...
         Starting AppArmor initialization...
         Starting Tell Plymouth To Write Out Runtime Data...
         Starting Set console font and keymap...
         Starting Create Volatile Files and Directories...
         Starting ebtables ruleset management...
[[0;32m  OK  [0m] Started Tell Plymouth To Write Out Runtime Data.
[[0;32m  OK  [0m] Started Create Volatile Files and Directories.
         Starting Update UTMP about System Boot/Shutdown...
[[0;32m  OK  [0m] Started Commit a transient machine-id on disk.
[[0;32m  OK  [0m] Started Update UTMP about System Boot/Shutdown.
[[0;32m  OK  [0m] Started ebtables ruleset management.
[[0;32m  OK  [0m] Started AppArmor initialization.
         Starting Load AppArmor profiles managed internally by snapd...
         Starting Initial cloud-init job (pre-networking)...
[[0;32m  OK  [0m] Started Load AppArmor profiles managed internally by snapd.
[[0;32m  OK  [0m] Started Set console font and keymap.
[   13.970421] cloud-init[873]: Cloud-init v. 23.1.2-0ubuntu0~18.04.1 running 'init-local' at Thu, 22 Feb 2024 01:36:55 +0000. Up 13.60 seconds.
[[0;32m  OK  [0m] Started Initial cloud-init job (pre-networking).
[[0;32m  OK  [0m] Reached target Network (Pre).
         Starting Network Service...
[[0;32m  OK  [0m] Started Network Service.
         Starting Network Name Resolution...
         Starting Wait for Network to be Configured...
[[0;32m  OK  [0m] Started Network Name Resolution.
[[0;32m  OK  [0m] Reached target Host and Network Name Lookups.
[[0;32m  OK  [0m] Reached target Network.
[[0;32m  OK  [0m] Started Wait for Network to be Configured.
         Starting Initial cloud-init job (metadata service crawler)...
[   16.407255] cloud-init[987]: Cloud-init v. 23.1.2-0ubuntu0~18.04.1 running 'init' at Thu, 22 Feb 2024 01:36:58 +0000. Up 16.21 seconds.
[   16.409033] cloud-init[987]: ci-info: ++++++++++++++++++++++++++++++++++++++Net device info+++++++++++++++++++++++++++++++++++++++
[   16.410196] cloud-init[987]: ci-info: +--------+-------+----------------------------+---------------+--------+-------------------+
[   16.420325] cloud-init[987]: ci-info: | Device |   Up  |          Address           |      Mask     | Scope  |     Hw-Address    |
[   16.421609] cloud-init[987]: ci-info: +--------+-------+----------------------------+---------------+--------+-------------------+
[   16.423089] cloud-init[987]: ci-info: | enp0s3 |  True |         10.0.2.15          | 255.255.255.0 | global | 02:3b:7b:b7:3b:2d |
[   16.424233] cloud-init[987]: ci-info: | enp0s3 |  True | fe80::3b:7bff:feb7:3b2d/64 |       .       |  link  | 02:3b:7b:b7:3b:2d |
[   16.425573] cloud-init[987]: ci-info: | enp0s8 | False |             .              |       .       |   .    | 08:00:27:eb:14:59 |
[   16.426703] cloud-init[987]: ci-info: |   lo   |  True |         127.0.0.1          |   255.0.0.0   |  host  |         .         |
[   16.427730] cloud-init[987]: ci-info: |   lo   |  True |          ::1/128           |       .       |  host  |         .         |
[   16.428952] cloud-init[987]: ci-info: +--------+-------+----------------------------+---------------+--------+-------------------+
[   16.430246] cloud-init[987]: ci-info: ++++++++++++++++++++++++++++Route IPv4 info+++++++++++++++++++++++++++++
[   16.431348] cloud-init[987]: ci-info: +-------+-------------+----------+-----------------+-----------+-------+
[   16.432538] cloud-init[987]: ci-info: | Route | Destination | Gateway  |     Genmask     | Interface | Flags |
[   16.433760] cloud-init[987]: ci-info: +-------+-------------+----------+-----------------+-----------+-------+
[   16.444341] cloud-init[987]: ci-info: |   0   |   0.0.0.0   | 10.0.2.2 |     0.0.0.0     |   enp0s3  |   UG  |
[   16.445436] cloud-init[987]: ci-info: |   1   |   10.0.2.0  | 0.0.0.0  |  255.255.255.0  |   enp0s3  |   U   |
[   16.446762] cloud-init[987]: ci-info: |   2   |   10.0.2.2  | 0.0.0.0  | 255.255.255.255 |   enp0s3  |   UH  |
[   16.456279] cloud-init[987]: ci-info: +-------+-------------+----------+-----------------+-----------+-------+
[   16.457411] cloud-init[987]: ci-info: +++++++++++++++++++Route IPv6 info+++++++++++++++++++
[   16.458303] cloud-init[987]: ci-info: +-------+-------------+---------+-----------+-------+
[   16.468251] cloud-init[987]: ci-info: | Route | Destination | Gateway | Interface | Flags |
[   16.469093] cloud-init[987]: ci-info: +-------+-------------+---------+-----------+-------+
[   16.469974] cloud-init[987]: ci-info: |   1   |  fe80::/64  |    ::   |   enp0s3  |   U   |
[   16.480310] cloud-init[987]: ci-info: |   3   |    local    |    ::   |   enp0s3  |   U   |
[   16.481465] cloud-init[987]: ci-info: |   4   |   ff00::/8  |    ::   |   enp0s3  |   U   |
[   16.492295] cloud-init[987]: ci-info: +-------+-------------+---------+-----------+-------+
[   16.987542] cloud-init[987]: Generating public/private rsa key pair.
[   16.988068] cloud-init[987]: Your identification has been saved in /etc/ssh/ssh_host_rsa_key.
[   16.988923] cloud-init[987]: Your public key has been saved in /etc/ssh/ssh_host_rsa_key.pub.
[   16.989752] cloud-init[987]: The key fingerprint is:
[   17.000343] cloud-init[987]: SHA256:Ee16hb9Y1leyRg65d3K3CHcfusWLsB4+aXe8rccVUOk root@ubuntu-bionic
[   17.001414] cloud-init[987]: The key's randomart image is:
[   17.002205] cloud-init[987]: +---[RSA 2048]----+
[   17.002891] cloud-init[987]: |        ..    ...|
[   17.003593] cloud-init[987]: |         ..  . . |
[   17.004318] cloud-init[987]: |        .. . .o  |
[   17.005004] cloud-init[987]: |         .o + oE.|
[   17.005689] cloud-init[987]: |        S. o * oo|
[   17.006350] cloud-init[987]: |        . ..=.Oo*|
[   17.007037] cloud-init[987]: |         . *++=O*|
[   17.007739] cloud-init[987]: |          o+=+o+*|
[   17.008446] cloud-init[987]: |          o+oo+=o|
[   17.009084] cloud-init[987]: +----[SHA256]-----+
[   17.009780] cloud-init[987]: Generating public/private dsa key pair.
[   17.010645] cloud-init[987]: Your identification has been saved in /etc/ssh/ssh_host_dsa_key.
[   17.011720] cloud-init[987]: Your public key has been saved in /etc/ssh/ssh_host_dsa_key.pub.
[   17.012865] cloud-init[987]: The key fingerprint is:
[   17.013598] cloud-init[987]: SHA256:nrnuixK89vxRdjP1YzYMYYDPAXM8p5togyvgteKMG1k root@ubuntu-bionic
[   17.014721] cloud-init[987]: The key's randomart image is:
[   17.015497] cloud-init[987]: +---[DSA 1024]----+
[   17.016236] cloud-init[987]: |         o+o.o   |
[   17.016907] cloud-init[987]: |         .o+...  |
[   17.017598] cloud-init[987]: |          o =..  |
[   17.018286] cloud-init[987]: |           + .o. |
[   17.018752] cloud-init[987]: |   E    S + *  *.|
[   17.019336] cloud-init[987]: |  o.o. o O + oo o|
[   17.019922] cloud-init[987]: | o. oo. B .      |
[   17.020497] cloud-init[987]: |  +o++ o o       |
[   17.021044] cloud-init[987]: | oo+.o=+*.       |
[   17.021573] cloud-init[987]: +----[SHA256]-----+
[   17.022109] cloud-init[987]: Generating public/private ecdsa key pair.
[   17.022791] cloud-init[987]: Your identification has been saved in /etc/ssh/ssh_host_ecdsa_key.
[   17.023586] cloud-init[987]: Your public key has been saved in /etc/ssh/ssh_host_ecdsa_key.pub.
[   17.024427] cloud-init[987]: The key fingerprint is:
[   17.024965] cloud-init[987]: SHA256:rTXuMc4ImRbaUaP6U1M5XcOjqqdsPg4Uq7uCKgfAZww root@ubuntu-bionic
[   17.025815] cloud-init[987]: The key's randomart image is:
[   17.026374] cloud-init[987]: +---[ECDSA 256]---+
[   17.026891] cloud-init[987]: |             .   |
[   17.027387] cloud-init[987]: | E            =  |
[   17.027910] cloud-init[987]: |. o   . o  o o o |
[   17.028457] cloud-init[987]: |.. +   = o+ o    |
[   17.029014] cloud-init[987]: |. o   * S.+o     |
[   17.029538] cloud-init[987]: |.    * =o+..     |
[   17.030046] cloud-init[987]: | o  + B..o+      |
[   17.030584] cloud-init[987]: |o o  +.++=.o     |
[   17.031106] cloud-init[987]: |+. .o..=*++      |
[   17.031605] cloud-init[987]: +----[SHA256]-----+
[   17.032134] cloud-init[[0;32m  OK  [0m] Started Initial cloud-init job (metadata service crawler).
[[0;32m  OK  [0m] Reached target System Initialization.
[[0;32m  OK  [0m] Listening on cloud-init hotplug hook socket.
[[0;32m  OK  [0m] Started Daily apt download activities.
[[0;32m  OK  [0m] Started Daily apt upgrade and clean activities.
[[0;32m  OK  [0m] Started Ubuntu Advantage Timer for running repeated jobs.
[987]:          Starting LXD - unix socket.
[[0;32m  OK  [0m] Started Discard unused blocks once a week.
[[0;32m  OK  [0m] Generating public/private ed25519 key pair.
[   17.038907] cloud-init[987]: Your identification has been saved in /etc/ssh/ssh_host_ed25519_key.
[   17.039173] cloud-init[987]: Your public key has been saved in /etc/ssh/ssh_host_ed25519_key.pub.
[   17.039477] cloud-init[987]: The key fingerprint is:
[   17.039783] cloud-init[987]: SHA256:0ZiZna9GfsA+hR4rdbHYz5cNB/bfBFaUbS4v2Rpr1DI root@ubuntu-bionic
[   17.040089] cloud-init[987]: The key's randomart image is:
[   17.040405] cloud-init[987]: +--[ED25519 256]--+
[   17.040704] cloud-init[987]: |               .=|
[   17.040999] cloud-init[987]: |         B .   oo|
[   17.041309] cloud-init[987]: |        * + . =o |
[   17.041602] cloud-init[987]: |         o = =.+.|
[   17.041906] cloud-init[987]: |        S O * .*+|
[   17.042210] cloud-init[987]: |         * B oE+O|
[   17.042527] cloud-init[987]: |        . O ..oO=|
[   17.042836] cloud-init[987]: |         o o  +. |
[   17.043167] cloud-init[987]: |             .   |
[   17.043457] cloud-init[987]: +----[SHA256]-----+
Listening on ACPID Listen Socket.
[[0;32m  OK  [0m] Listening on UUID daemon activation socket.
[[0;32m  OK  [0m] Started Message of the Day.
         Starting Socket activation for snappy daemon.
[[0;32m  OK  [0m] Listening on Open-iSCSI iscsid Socket.
[[0;32m  OK  [0m] Listening on D-Bus System Message Bus Socket.
[[0;32m  OK  [0m] Started Daily Cleanup of Temporary Directories.
[[0;32m  OK  [0m] Reached target Timers.
[[0;32m  OK  [0m] Started ACPI Events Check.
[[0;32m  OK  [0m] Reached target Paths.
[[0;32m  OK  [0m] Reached target Network is Online.
         Starting Availability of block devices...
[[0;32m  OK  [0m] Reached target Remote File Systems (Pre).
[[0;32m  OK  [0m] Reached target Remote File Systems.
[[0;32m  OK  [0m] Reached target Cloud-config availability.
[[0;32m  OK  [0m] Listening on LXD - unix socket.
[[0;32m  OK  [0m] Listening on Socket activation for snappy daemon.
[[0;32m  OK  [0m] Reached target Sockets.
[[0;32m  OK  [0m] Reached target Basic System.
         Starting Pollinate to seed the pseudo random number generator...
[[0;32m  OK  [0m] Reached target Login Prompts (Pre).
[[0;32m  OK  [0m] Started Deferred execution scheduler.
[[0;32m  OK  [0m] Started Regular background program processing daemon.
         Starting Snap Daemon...
         Starting Permit User Sessions...
         Starting Login Service...
         Starting Accounts Service...
[[0;32m  OK  [0m] Started irqbalance daemon.
         Starting LXD - container startup/shutdown...
         Starting Virtualbox guest utils...
[[0;32m  OK  [0m] Started D-Bus System Message Bus.
         Starting Dispatcher daemon for systemd-networkd...
[[0;32m  OK  [0m] Started FUSE filesystem for LXC.
         Starting LSB: Record successful boot for GRUB...
         Starting System Logging Service...
         Starting LSB: automatic crash report generation...
[[0;32m  OK  [0m] Started Availability of block devices.
[[0;32m  OK  [0m] Started Permit User Sessions.
[[0;32m  OK  [0m] Started LXD - container startup/shutdown.
[[0;32m  OK  [0m] Started Login Service.
[[0;32m  OK  [0m] Started Unattended Upgrades Shutdown.
         Starting Terminate Plymouth Boot Screen...
         Starting Hold until boot process finishes up...
[[0;32m  OK  [0m] Started Hold until boot process finishes up.
[[0;32m  OK  [0m] Started Serial Getty on ttyS0.
         Starting Set console scheme...
[[0;32m  OK  [0m] Started Terminate Plymouth Boot Screen.
[[0;32m  OK  [0m] Started System Logging Service.
[[0;32m  OK  [0m] Started LSB: automatic crash report generation.
[[0;32m  OK  [0m] Started Set console scheme.
[[0;32m  OK  [0m] Created slice system-getty.slice.
[[0;32m  OK  [0m] Started Getty on tty1.
[[0;32m  OK  [0m] Reached target Login Prompts.
         Starting Authorization Manager...
[[0;32m  OK  [0m] Started Authorization Manager.
[[0;32m  OK  [0m] Started Accounts Service.
[[0;32m  OK  [0m] Started Virtualbox guest utils.
[[0;32m  OK  [0m] Started LSB: Record successful boot for GRUB.
[[0;32m  OK  [0m] Started Dispatcher daemon for systemd-networkd.
[[0;32m  OK  [0m] Started Snap Daemon.
         Starting Wait until snapd is fully seeded...
[[0;32m  OK  [0m] Started Pollinate to seed the pseudo random number generator.
         Starting OpenBSD Secure Shell server...
[[0;32m  OK  [0m] Started OpenBSD Secure Shell server.
         Starting Time & Date Service...
[[0;32m  OK  [0m] Started Time & Date Service.
[[0;32m  OK  [0m] Created slice User Slice of vagrant.
         Starting User Manager for UID 1000...
[[0;32m  OK  [0m] Started Session 1 of user vagrant.
[[0;32m  OK  [0m] Started User Manager for UID 1000.
[[0;32m  OK  [0m] Started Wait until snapd is fully seeded.
         Starting Apply the settings specified in cloud-config...
[   21.917404] cloud-init[1666]: Cloud-init v. 23.1.2-0ubuntu0~18.04.1 running 'modules:config' at Thu, 22 Feb 2024 01:37:03 +0000. Up 21.52 seconds.
[[0;32m  OK  [0m] Started Apply the settings specified in cloud-config.
[[0;32m  OK  [0m] Reached target Multi-User System.
[[0;32m  OK  [0m] Reached target Graphical Interface.
         Starting Update UTMP about System Runlevel Changes...
         Starting Execute cloud user/final scripts...
[[0;32m  OK  [0m] Started Update UTMP about System Runlevel Changes.
ci-info: no authorized SSH keys fingerprints found for user ubuntu.
<14>Feb 22 01:37:04 cloud-init: #############################################################
<14>Feb 22 01:37:04 cloud-init: -----BEGIN SSH HOST KEY FINGERPRINTS-----
<14>Feb 22 01:37:04 cloud-init: 1024 SHA256:nrnuixK89vxRdjP1YzYMYYDPAXM8p5togyvgteKMG1k root@ubuntu-bionic (DSA)
<14>Feb 22 01:37:04 cloud-init: 256 SHA256:rTXuMc4ImRbaUaP6U1M5XcOjqqdsPg4Uq7uCKgfAZww root@ubuntu-bionic (ECDSA)
<14>Feb 22 01:37:04 cloud-init: 256 SHA256:0ZiZna9GfsA+hR4rdbHYz5cNB/bfBFaUbS4v2Rpr1DI root@ubuntu-bionic (ED25519)
<14>Feb 22 01:37:04 cloud-init: 2048 SHA256:Ee16hb9Y1leyRg65d3K3CHcfusWLsB4+aXe8rccVUOk root@ubuntu-bionic (RSA)
<14>Feb 22 01:37:04 cloud-init: -----END SSH HOST KEY FINGERPRINTS-----
<14>Feb 22 01:37:04 cloud-init: #############################################################
-----BEGIN SSH HOST KEY KEYS-----
ecdsa-sha2-nistp256 AAAAE2VjZHNhLXNoYTItbmlzdHAyNTYAAAAIbmlzdHAyNTYAAABBBIXUIhRaE3RNhONKwG6ND2ZTT1sb7VQ465MIw5r4STXBPw+XBNbl2by08MV51o79Zd6Dw+mfsVhjaXovUI8du4w= root@ubuntu-bionic
ssh-ed25519 AAAAC3NzaC1lZDI1NTE5AAAAIDZuNeY+6rfaBbbRQOcF+OFxA4OVAVOPpgPt7BEw+hWm root@ubuntu-bionic
ssh-rsa AAAAB3NzaC1yc2EAAAADAQABAAABAQCbUaVzK5vokJegzL1DlZqNE3dEzgg/huarmCX/EnPXC7aYszceyIcJtAMl7wmnkkDAVI2uIWb3I9K9JO/n1pgRjowZPHFuh19dJw/BUcDiRjNQSZnq7Rl5bXx3wC7wJ+WA/kGEcsl9EeapQQV21JLGur4eqMj4oB7jVuJB+79atZ7I6Geu6LtVG0DMbss5LFqfOeYmkbHuYI3KQ0mgexswNd4ZHs4PFrMTzUofJ99LRIxBL6eO6Pqzx6Hz0wd5SuFGcRx63e2GceFxSp8vravIYq3RQRxSqVv9BYIR7ou4x7Zp2F+2Y65apBPTWEtEHdbO1PGYgJz63oMs4Zeg+s31 root@ubuntu-bionic
-----END SSH HOST KEY KEYS-----
[   22.769672] cloud-init[1782]: Cloud-init v. 23.1.2-0ubuntu0~18.04.1 running 'modules:final' at Thu, 22 Feb 2024 01:37:04 +0000. Up 22.54 seconds.
[   22.770667] cloud-init[1782]: Cloud-init v. 23.1.2-0ubuntu0~18.04.1 finished at Thu, 22 Feb 2024 01:37:04 +0000. Datasource DataSourceNoCloud [seed=/dev/sdb][dsmode=net].  Up 22.75 seconds

Ubuntu 18.04.6 LTS master-1 ttyS0

master-1 login: 